// Jest Snapshot v1, https://goo.gl/fbAQLP

exports[`Products model should create an products with selected props 1`] = `
Immutable.ProductRecord {
  "id": null,
  "title": "",
  "image": Object {
    "heigth": 0,
    "url": "",
    "width": 0,
  },
  "details": "",
  "price": Object {
    "amount": 0,
    "currency": "",
  },
  "max_quantity": 0,
  "description": "",
  "specifications": Object {
    "brand": "",
    "colour": "",
    "dimensions": "",
    "model_number": "",
    "socket": "",
    "type": "",
    "weight": "",
  },
  "performance_first": Array [],
  "performance_second": Array [],
}
`;
